Copyright 1986-2020 Xilinx, Inc. All Rights Reserved.
----------------------------------------------------------------------------------------------------------------------------------------------
| Tool Version : Vivado v.2020.2 (win64) Build 3064766 Wed Nov 18 09:12:45 MST 2020
| Date         : Fri Sep 25 21:02:12 2026
| Host         : EddieDuanLegionY7000P running 64-bit major release  (build 9200)
| Command      : report_timing_summary -delay_type max -max_paths 5 -file C:/Users/DUANboyang/Desktop/FPGA4dart/doc/synth_timing_precheck.rpt
| Design       : armor_vision
| Device       : 7a35t-fgg484
| Speed File   : -2  PRODUCTION 1.23 2018-06-13
----------------------------------------------------------------------------------------------------------------------------------------------

Timing Summary Report

------------------------------------------------------------------------------------------------
| Timer Settings
| --------------
------------------------------------------------------------------------------------------------

  Enable Multi Corner Analysis               :  Yes
  Enable Pessimism Removal                   :  Yes
  Pessimism Removal Resolution               :  Nearest Common Node
  Enable Input Delay Default Clock           :  No
  Enable Preset / Clear Arcs                 :  No
  Disable Flight Delays                      :  No
  Ignore I/O Paths                           :  No
  Timing Early Launch at Borrowing Latches   :  No
  Borrow Time for Max Delay Exceptions       :  Yes
  Merge Timing Exceptions                    :  Yes

  Corner  Analyze    Analyze    
  Name    Max Paths  Min Paths  
  ------  ---------  ---------  
  Slow    Yes        Yes        
  Fast    Yes        Yes        



check_timing report

Table of Contents
-----------------
1. checking no_clock (0)
2. checking constant_clock (0)
3. checking pulse_width_clock (0)
4. checking unconstrained_internal_endpoints (0)
5. checking no_input_delay (24)
6. checking no_output_delay (76)
7. checking multiple_clock (0)
8. checking generated_clocks (0)
9. checking loops (0)
10. checking partial_input_delay (0)
11. checking partial_output_delay (0)
12. checking latch_loops (0)

1. checking no_clock (0)
------------------------
 There are 0 register/latch pins with no clock.


2. checking constant_clock (0)
------------------------------
 There are 0 register/latch pins with constant_clock.


3. checking pulse_width_clock (0)
---------------------------------
 There are 0 register/latch pins which need pulse_width check


4. checking unconstrained_internal_endpoints (0)
------------------------------------------------
 There are 0 pins that are not constrained for maximum delay.

 There are 0 pins that are not constrained for maximum delay due to constant clock.


5. checking no_input_delay (24)
-------------------------------
 There are 24 input ports with no input delay specified. (HIGH)

 There are 0 input ports with no input delay but user has a false path constraint.


6. checking no_output_delay (76)
--------------------------------
 There are 76 ports with no output delay specified. (HIGH)

 There are 0 ports with no output delay but user has a false path constraint

 There are 0 ports with no output delay but with a timing clock defined on it or propagating through it


7. checking multiple_clock (0)
------------------------------
 There are 0 register/latch pins with multiple clocks.


8. checking generated_clocks (0)
--------------------------------
 There are 0 generated clocks that are not connected to a clock source.


9. checking loops (0)
---------------------
 There are 0 combinational loops in the design.


10. checking partial_input_delay (0)
------------------------------------
 There are 0 input ports with partial input delay specified.


11. checking partial_output_delay (0)
-------------------------------------
 There are 0 ports with partial output delay specified.


12. checking latch_loops (0)
----------------------------
 There are 0 combinational latch loops in the design through latch input



------------------------------------------------------------------------------------------------
| Design Timing Summary
| ---------------------
------------------------------------------------------------------------------------------------

    WNS(ns)      TNS(ns)  TNS Failing Endpoints  TNS Total Endpoints     WPWS(ns)     TPWS(ns)  TPWS Failing Endpoints  TPWS Total Endpoints  
    -------      -------  ---------------------  -------------------     --------     --------  ----------------------  --------------------  
      5.388        0.000                      0                30202        8.870        0.000                       0                  5598  


All user specified timing constraints are met.


------------------------------------------------------------------------------------------------
| Clock Summary
| -------------
------------------------------------------------------------------------------------------------

Clock    Waveform(ns)       Period(ns)      Frequency(MHz)
-----    ------------       ----------      --------------
ooc_clk  {0.000 10.000}     20.000          50.000          


------------------------------------------------------------------------------------------------
| Intra Clock Table
| -----------------
------------------------------------------------------------------------------------------------

Clock             WNS(ns)      TNS(ns)  TNS Failing Endpoints  TNS Total Endpoints     WPWS(ns)     TPWS(ns)  TPWS Failing Endpoints  TPWS Total Endpoints  
-----             -------      -------  ---------------------  -------------------     --------     --------  ----------------------  --------------------  
ooc_clk             5.388        0.000                      0                30202        8.870        0.000                       0                  5598  


------------------------------------------------------------------------------------------------
| Inter Clock Table
| -----------------
------------------------------------------------------------------------------------------------

From Clock    To Clock          WNS(ns)      TNS(ns)  TNS Failing Endpoints  TNS Total Endpoints  
----------    --------          -------      -------  ---------------------  -------------------  


------------------------------------------------------------------------------------------------
| Other Path Groups Table
| -----------------------
------------------------------------------------------------------------------------------------

Path Group    From Clock    To Clock          WNS(ns)      TNS(ns)  TNS Failing Endpoints  TNS Total Endpoints  
----------    ----------    --------          -------      -------  ---------------------  -------------------  


------------------------------------------------------------------------------------------------
| Timing Details
| --------------
------------------------------------------------------------------------------------------------


---------------------------------------------------------------------------------------------------
From Clock:  ooc_clk
  To Clock:  ooc_clk

Setup :            0  Failing Endpoints,  Worst Slack        5.388ns,  Total Violation        0.000ns
Hold  :           NA  Failing Endpoints,  Worst Slack           NA  ,  Total Violation           NA
PW    :            0  Failing Endpoints,  Worst Slack        8.870ns,  Total Violation        0.000ns
---------------------------------------------------------------------------------------------------


Max Delay Paths
--------------------------------------------------------------------------------------
Slack (MET) :             5.388ns  (required time - arrival time)
  Source:                 u_blob_track/center_y_reg[1]/C
                            (rising edge-triggered cell FDCE clocked by ooc_clk  {rise@0.000ns fall@10.000ns period=20.000ns})
  Destination:            u_aim_predict/pay_reg[8]/D
                            (rising edge-triggered cell FDCE clocked by ooc_clk  {rise@0.000ns fall@10.000ns period=20.000ns})
  Path Group:             ooc_clk
  Path Type:              Setup (Max at Slow Process Corner)
  Requirement:            20.000ns  (ooc_clk rise@20.000ns - ooc_clk rise@0.000ns)
  Data Path Delay:        14.566ns  (logic 9.233ns (63.387%)  route 5.333ns (36.613%))
  Logic Levels:           22  (CARRY4=14 DSP48E1=1 LUT2=4 LUT3=1 LUT6=2)
  Clock Path Skew:        -0.039ns (DCD - SCD + CPR)
    Destination Clock Delay (DCD):    0.748ns = ( 20.748 - 20.000 ) 
    Source Clock Delay      (SCD):    0.787ns
    Clock Pessimism Removal (CPR):    0.000ns
  Clock Uncertainty:      0.035ns  ((TSJ^2 + TIJ^2)^1/2 + DJ) / 2 + PE
    Total System Jitter     (TSJ):    0.071ns
    Total Input Jitter      (TIJ):    0.000ns
    Discrete Jitter          (DJ):    0.000ns
    Phase Error              (PE):    0.000ns

    Location             Delay type                Incr(ns)  Path(ns)    Netlist Resource(s)
  -------------------------------------------------------------------    -------------------
                         (clock ooc_clk rise edge)    0.000     0.000 r  
                                                      0.000     0.000 r  clk (IN)
                         net (fo=5597, unset)         0.787     0.787    u_blob_track/clk
                         FDCE                                         r  u_blob_track/center_y_reg[1]/C
  -------------------------------------------------------------------    -------------------
                         FDCE (Prop_fdce_C_Q)         0.379     1.166 r  u_blob_track/center_y_reg[1]/Q
                         net (fo=11, unplaced)        0.408     1.574    u_blob_track/center_y_reg[9]_0[1]
                         LUT2 (Prop_lut2_I0_O)        0.232     1.806 r  u_blob_track/vy_s[7]_i_15/O
                         net (fo=1, unplaced)         0.000     1.806    u_blob_track/vy_s[7]_i_15_n_0
                         CARRY4 (Prop_carry4_S[1]_CO[3])
                                                      0.457     2.263 r  u_blob_track/vy_s_reg[7]_i_8/CO[3]
                         net (fo=1, unplaced)         0.008     2.271    u_blob_track/vy_s_reg[7]_i_8_n_0
                         CARRY4 (Prop_carry4_CI_O[0])
                                                      0.191     2.462 r  u_blob_track/vy_s_reg[15]_i_14/O[0]
                         net (fo=2, unplaced)         0.552     3.014    u_aim_predict/dy40[4]
                         CARRY4 (Prop_carry4_DI[3]_CO[3])
                                                      0.451     3.465 r  u_aim_predict/vy_s_reg[7]_i_7/CO[3]
                         net (fo=1, unplaced)         0.000     3.465    u_aim_predict/vy_s_reg[7]_i_7_n_0
                         CARRY4 (Prop_carry4_CI_O[3])
                                                      0.275     3.740 r  u_aim_predict/vy_s_reg[15]_i_9/O[3]
                         net (fo=1, unplaced)         0.519     4.259    u_aim_predict/vy_s_reg[15]_i_9_n_4
                         LUT2 (Prop_lut2_I1_O)        0.250     4.509 r  u_aim_predict/vy_s[11]_i_4/O
                         net (fo=1, unplaced)         0.000     4.509    u_aim_predict/vy_s[11]_i_4_n_0
                         CARRY4 (Prop_carry4_S[2]_CO[3])
                                                      0.332     4.841 r  u_aim_predict/vy_s_reg[11]_i_2/CO[3]
                         net (fo=1, unplaced)         0.000     4.841    u_aim_predict/vy_s_reg[11]_i_2_n_0
                         CARRY4 (Prop_carry4_CI_O[3])
                                                      0.275     5.116 r  u_aim_predict/vy_s_reg[15]_i_2/O[3]
                         net (fo=17, unplaced)        0.575     5.691    u_aim_predict/nvy[15]
                         LUT3 (Prop_lut3_I2_O)        0.250     5.941 r  u_aim_predict/vy_s[15]_i_1/O
                         net (fo=16, unplaced)        0.646     6.587    u_aim_predict/vyn[15]
                         DSP48E1 (Prop_dsp48e1_A[29]_P[9])
                                                      3.230     9.817 r  u_aim_predict/muly/P[9]
                         net (fo=1, unplaced)         0.646    10.462    u_blob_track/pcy_reg[9][1]
                         LUT2 (Prop_lut2_I1_O)        0.105    10.567 r  u_blob_track/pcy[3]_i_5/O
                         net (fo=1, unplaced)         0.000    10.567    u_blob_track/pcy[3]_i_5_n_0
                         CARRY4 (Prop_carry4_S[1]_CO[3])
                                                      0.457    11.024 r  u_blob_track/pcy_reg[3]_i_2/CO[3]
                         net (fo=1, unplaced)         0.008    11.032    u_blob_track/pcy_reg[3]_i_2_n_0
                         CARRY4 (Prop_carry4_CI_CO[3])
                                                      0.098    11.130 r  u_blob_track/pcy_reg[7]_i_2/CO[3]
                         net (fo=1, unplaced)         0.000    11.130    u_blob_track/pcy_reg[7]_i_2_n_0
                         CARRY4 (Prop_carry4_CI_CO[3])
                                                      0.098    11.228 r  u_blob_track/pcy_reg[9]_i_3/CO[3]
                         net (fo=1, unplaced)         0.000    11.228    u_aim_predict/pcy_reg[0]_0[0]
                         CARRY4 (Prop_carry4_CI_O[3])
                                                      0.275    11.503 f  u_aim_predict/pcy_reg[9]_i_4/O[3]
                         net (fo=41, unplaced)        0.596    12.099    u_aim_predict_n_72
                         LUT2 (Prop_lut2_I1_O)        0.253    12.352 r  pcy[9]_i_6/O
                         net (fo=1, unplaced)         0.000    12.352    pcy[9]_i_6_n_0
                         CARRY4 (Prop_carry4_DI[1]_CO[1])
                                                      0.406    12.758 r  pcy_reg[9]_i_2/CO[1]
                         net (fo=39, unplaced)        0.316    13.074    u_aim_predict/CO[0]
                         LUT6 (Prop_lut6_I4_O)        0.277    13.351 r  u_aim_predict/pay[9]_i_31/O
                         net (fo=1, unplaced)         0.537    13.888    u_aim_predict/pay[9]_i_31_n_0
                         CARRY4 (Prop_carry4_DI[1]_CO[3])
                                                      0.418    14.306 r  u_aim_predict/pay_reg[9]_i_17/CO[3]
                         net (fo=1, unplaced)         0.008    14.314    u_aim_predict/pay_reg[9]_i_17_n_0
                         CARRY4 (Prop_carry4_CI_CO[3])
                                                      0.098    14.412 r  u_aim_predict/pay_reg[9]_i_6/CO[3]
                         net (fo=1, unplaced)         0.000    14.412    u_aim_predict/pay_reg[9]_i_6_n_0
                         CARRY4 (Prop_carry4_CI_CO[1])
                                                      0.149    14.561 r  u_aim_predict/pay_reg[9]_i_2/CO[1]
                         net (fo=10, unplaced)        0.515    15.076    u_aim_predict/pay_p1
                         LUT6 (Prop_lut6_I0_O)        0.277    15.353 r  u_aim_predict/pay[8]_i_1/O
                         net (fo=1, unplaced)         0.000    15.353    u_aim_predict/pay[8]_i_1_n_0
                         FDCE                                         r  u_aim_predict/pay_reg[8]/D
  -------------------------------------------------------------------    -------------------

                         (clock ooc_clk rise edge)   20.000    20.000 r  
                                                      0.000    20.000 r  clk (IN)
                         net (fo=5597, unset)         0.748    20.748    u_aim_predict/clk
                         FDCE                                         r  u_aim_predict/pay_reg[8]/C
                         clock pessimism              0.000    20.748    
                         clock uncertainty           -0.035    20.712    
                         FDCE (Setup_fdce_C_D)        0.029    20.741    u_aim_predict/pay_reg[8]
  -------------------------------------------------------------------
                         required time                         20.741    
                         arrival time                         -15.353    
  -------------------------------------------------------------------
                         slack                                  5.388    

Slack (MET) :             5.388ns  (required time - arrival time)
  Source:                 u_blob_track/center_y_reg[1]/C
                            (rising edge-triggered cell FDCE clocked by ooc_clk  {rise@0.000ns fall@10.000ns period=20.000ns})
  Destination:            u_aim_predict/pay_reg[9]/D
                            (rising edge-triggered cell FDCE clocked by ooc_clk  {rise@0.000ns fall@10.000ns period=20.000ns})
  Path Group:             ooc_clk
  Path Type:              Setup (Max at Slow Process Corner)
  Requirement:            20.000ns  (ooc_clk rise@20.000ns - ooc_clk rise@0.000ns)
  Data Path Delay:        14.566ns  (logic 9.233ns (63.387%)  route 5.333ns (36.613%))
  Logic Levels:           22  (CARRY4=14 DSP48E1=1 LUT2=4 LUT3=1 LUT6=2)
  Clock Path Skew:        -0.039ns (DCD - SCD + CPR)
    Destination Clock Delay (DCD):    0.748ns = ( 20.748 - 20.000 ) 
    Source Clock Delay      (SCD):    0.787ns
    Clock Pessimism Removal (CPR):    0.000ns
  Clock Uncertainty:      0.035ns  ((TSJ^2 + TIJ^2)^1/2 + DJ) / 2 + PE
    Total System Jitter     (TSJ):    0.071ns
    Total Input Jitter      (TIJ):    0.000ns
    Discrete Jitter          (DJ):    0.000ns
    Phase Error              (PE):    0.000ns

    Location             Delay type                Incr(ns)  Path(ns)    Netlist Resource(s)
  -------------------------------------------------------------------    -------------------
                         (clock ooc_clk rise edge)    0.000     0.000 r  
                                                      0.000     0.000 r  clk (IN)
                         net (fo=5597, unset)         0.787     0.787    u_blob_track/clk
                         FDCE                                         r  u_blob_track/center_y_reg[1]/C
  -------------------------------------------------------------------    -------------------
                         FDCE (Prop_fdce_C_Q)         0.379     1.166 r  u_blob_track/center_y_reg[1]/Q
                         net (fo=11, unplaced)        0.408     1.574    u_blob_track/center_y_reg[9]_0[1]
                         LUT2 (Prop_lut2_I0_O)        0.232     1.806 r  u_blob_track/vy_s[7]_i_15/O
                         net (fo=1, unplaced)         0.000     1.806    u_blob_track/vy_s[7]_i_15_n_0
                         CARRY4 (Prop_carry4_S[1]_CO[3])
                                                      0.457     2.263 r  u_blob_track/vy_s_reg[7]_i_8/CO[3]
                         net (fo=1, unplaced)         0.008     2.271    u_blob_track/vy_s_reg[7]_i_8_n_0
                         CARRY4 (Prop_carry4_CI_O[0])
                                                      0.191     2.462 r  u_blob_track/vy_s_reg[15]_i_14/O[0]
                         net (fo=2, unplaced)         0.552     3.014    u_aim_predict/dy40[4]
                         CARRY4 (Prop_carry4_DI[3]_CO[3])
                                                      0.451     3.465 r  u_aim_predict/vy_s_reg[7]_i_7/CO[3]
                         net (fo=1, unplaced)         0.000     3.465    u_aim_predict/vy_s_reg[7]_i_7_n_0
                         CARRY4 (Prop_carry4_CI_O[3])
                                                      0.275     3.740 r  u_aim_predict/vy_s_reg[15]_i_9/O[3]
                         net (fo=1, unplaced)         0.519     4.259    u_aim_predict/vy_s_reg[15]_i_9_n_4
                         LUT2 (Prop_lut2_I1_O)        0.250     4.509 r  u_aim_predict/vy_s[11]_i_4/O
                         net (fo=1, unplaced)         0.000     4.509    u_aim_predict/vy_s[11]_i_4_n_0
                         CARRY4 (Prop_carry4_S[2]_CO[3])
                                                      0.332     4.841 r  u_aim_predict/vy_s_reg[11]_i_2/CO[3]
                         net (fo=1, unplaced)         0.000     4.841    u_aim_predict/vy_s_reg[11]_i_2_n_0
                         CARRY4 (Prop_carry4_CI_O[3])
                                                      0.275     5.116 r  u_aim_predict/vy_s_reg[15]_i_2/O[3]
                         net (fo=17, unplaced)        0.575     5.691    u_aim_predict/nvy[15]
                         LUT3 (Prop_lut3_I2_O)        0.250     5.941 r  u_aim_predict/vy_s[15]_i_1/O
                         net (fo=16, unplaced)        0.646     6.587    u_aim_predict/vyn[15]
                         DSP48E1 (Prop_dsp48e1_A[29]_P[9])
                                                      3.230     9.817 r  u_aim_predict/muly/P[9]
                         net (fo=1, unplaced)         0.646    10.462    u_blob_track/pcy_reg[9][1]
                         LUT2 (Prop_lut2_I1_O)        0.105    10.567 r  u_blob_track/pcy[3]_i_5/O
                         net (fo=1, unplaced)         0.000    10.567    u_blob_track/pcy[3]_i_5_n_0
                         CARRY4 (Prop_carry4_S[1]_CO[3])
                                                      0.457    11.024 r  u_blob_track/pcy_reg[3]_i_2/CO[3]
                         net (fo=1, unplaced)         0.008    11.032    u_blob_track/pcy_reg[3]_i_2_n_0
                         CARRY4 (Prop_carry4_CI_CO[3])
                                                      0.098    11.130 r  u_blob_track/pcy_reg[7]_i_2/CO[3]
                         net (fo=1, unplaced)         0.000    11.130    u_blob_track/pcy_reg[7]_i_2_n_0
                         CARRY4 (Prop_carry4_CI_CO[3])
                                                      0.098    11.228 r  u_blob_track/pcy_reg[9]_i_3/CO[3]
                         net (fo=1, unplaced)         0.000    11.228    u_aim_predict/pcy_reg[0]_0[0]
                         CARRY4 (Prop_carry4_CI_O[3])
                                                      0.275    11.503 f  u_aim_predict/pcy_reg[9]_i_4/O[3]
                         net (fo=41, unplaced)        0.596    12.099    u_aim_predict_n_72
                         LUT2 (Prop_lut2_I1_O)        0.253    12.352 r  pcy[9]_i_6/O
                         net (fo=1, unplaced)         0.000    12.352    pcy[9]_i_6_n_0
                         CARRY4 (Prop_carry4_DI[1]_CO[1])
                                                      0.406    12.758 r  pcy_reg[9]_i_2/CO[1]
                         net (fo=39, unplaced)        0.316    13.074    u_aim_predict/CO[0]
                         LUT6 (Prop_lut6_I4_O)        0.277    13.351 r  u_aim_predict/pay[9]_i_31/O
                         net (fo=1, unplaced)         0.537    13.888    u_aim_predict/pay[9]_i_31_n_0
                         CARRY4 (Prop_carry4_DI[1]_CO[3])
                                                      0.418    14.306 r  u_aim_predict/pay_reg[9]_i_17/CO[3]
                         net (fo=1, unplaced)         0.008    14.314    u_aim_predict/pay_reg[9]_i_17_n_0
                         CARRY4 (Prop_carry4_CI_CO[3])
                                                      0.098    14.412 r  u_aim_predict/pay_reg[9]_i_6/CO[3]
                         net (fo=1, unplaced)         0.000    14.412    u_aim_predict/pay_reg[9]_i_6_n_0
                         CARRY4 (Prop_carry4_CI_CO[1])
                                                      0.149    14.561 r  u_aim_predict/pay_reg[9]_i_2/CO[1]
                         net (fo=10, unplaced)        0.515    15.076    u_aim_predict/pay_p1
                         LUT6 (Prop_lut6_I0_O)        0.277    15.353 r  u_aim_predict/pay[9]_i_1/O
                         net (fo=1, unplaced)         0.000    15.353    u_aim_predict/pay[9]_i_1_n_0
                         FDCE                                         r  u_aim_predict/pay_reg[9]/D
  -------------------------------------------------------------------    -------------------

                         (clock ooc_clk rise edge)   20.000    20.000 r  
                                                      0.000    20.000 r  clk (IN)
                         net (fo=5597, unset)         0.748    20.748    u_aim_predict/clk
                         FDCE                                         r  u_aim_predict/pay_reg[9]/C
                         clock pessimism              0.000    20.748    
                         clock uncertainty           -0.035    20.712    
                         FDCE (Setup_fdce_C_D)        0.029    20.741    u_aim_predict/pay_reg[9]
  -------------------------------------------------------------------
                         required time                         20.741    
                         arrival time                         -15.353    
  -------------------------------------------------------------------
                         slack                                  5.388    

Slack (MET) :             5.620ns  (required time - arrival time)
  Source:                 u_blob_track/center_y_reg[1]/C
                            (rising edge-triggered cell FDCE clocked by ooc_clk  {rise@0.000ns fall@10.000ns period=20.000ns})
  Destination:            u_aim_predict/pay_reg[0]/D
                            (rising edge-triggered cell FDCE clocked by ooc_clk  {rise@0.000ns fall@10.000ns period=20.000ns})
  Path Group:             ooc_clk
  Path Type:              Setup (Max at Slow Process Corner)
  Requirement:            20.000ns  (ooc_clk rise@20.000ns - ooc_clk rise@0.000ns)
  Data Path Delay:        14.334ns  (logic 9.233ns (64.413%)  route 5.101ns (35.587%))
  Logic Levels:           22  (CARRY4=14 DSP48E1=1 LUT2=4 LUT3=1 LUT6=2)
  Clock Path Skew:        -0.039ns (DCD - SCD + CPR)
    Destination Clock Delay (DCD):    0.748ns = ( 20.748 - 20.000 ) 
    Source Clock Delay      (SCD):    0.787ns
    Clock Pessimism Removal (CPR):    0.000ns
  Clock Uncertainty:      0.035ns  ((TSJ^2 + TIJ^2)^1/2 + DJ) / 2 + PE
    Total System Jitter     (TSJ):    0.071ns
    Total Input Jitter      (TIJ):    0.000ns
    Discrete Jitter          (DJ):    0.000ns
    Phase Error              (PE):    0.000ns

    Location             Delay type                Incr(ns)  Path(ns)    Netlist Resource(s)
  -------------------------------------------------------------------    -------------------
                         (clock ooc_clk rise edge)    0.000     0.000 r  
                                                      0.000     0.000 r  clk (IN)
                         net (fo=5597, unset)         0.787     0.787    u_blob_track/clk
                         FDCE                                         r  u_blob_track/center_y_reg[1]/C
  -------------------------------------------------------------------    -------------------
                         FDCE (Prop_fdce_C_Q)         0.379     1.166 r  u_blob_track/center_y_reg[1]/Q
                         net (fo=11, unplaced)        0.408     1.574    u_blob_track/center_y_reg[9]_0[1]
                         LUT2 (Prop_lut2_I0_O)        0.232     1.806 r  u_blob_track/vy_s[7]_i_15/O
                         net (fo=1, unplaced)         0.000     1.806    u_blob_track/vy_s[7]_i_15_n_0
                         CARRY4 (Prop_carry4_S[1]_CO[3])
                                                      0.457     2.263 r  u_blob_track/vy_s_reg[7]_i_8/CO[3]
                         net (fo=1, unplaced)         0.008     2.271    u_blob_track/vy_s_reg[7]_i_8_n_0
                         CARRY4 (Prop_carry4_CI_O[0])
                                                      0.191     2.462 r  u_blob_track/vy_s_reg[15]_i_14/O[0]
                         net (fo=2, unplaced)         0.552     3.014    u_aim_predict/dy40[4]
                         CARRY4 (Prop_carry4_DI[3]_CO[3])
                                                      0.451     3.465 r  u_aim_predict/vy_s_reg[7]_i_7/CO[3]
                         net (fo=1, unplaced)         0.000     3.465    u_aim_predict/vy_s_reg[7]_i_7_n_0
                         CARRY4 (Prop_carry4_CI_O[3])
                                                      0.275     3.740 r  u_aim_predict/vy_s_reg[15]_i_9/O[3]
                         net (fo=1, unplaced)         0.519     4.259    u_aim_predict/vy_s_reg[15]_i_9_n_4
                         LUT2 (Prop_lut2_I1_O)        0.250     4.509 r  u_aim_predict/vy_s[11]_i_4/O
                         net (fo=1, unplaced)         0.000     4.509    u_aim_predict/vy_s[11]_i_4_n_0
                         CARRY4 (Prop_carry4_S[2]_CO[3])
                                                      0.332     4.841 r  u_aim_predict/vy_s_reg[11]_i_2/CO[3]
                         net (fo=1, unplaced)         0.000     4.841    u_aim_predict/vy_s_reg[11]_i_2_n_0
                         CARRY4 (Prop_carry4_CI_O[3])
                                                      0.275     5.116 r  u_aim_predict/vy_s_reg[15]_i_2/O[3]
                         net (fo=17, unplaced)        0.575     5.691    u_aim_predict/nvy[15]
                         LUT3 (Prop_lut3_I2_O)        0.250     5.941 r  u_aim_predict/vy_s[15]_i_1/O
                         net (fo=16, unplaced)        0.646     6.587    u_aim_predict/vyn[15]
                         DSP48E1 (Prop_dsp48e1_A[29]_P[9])
                                                      3.230     9.817 r  u_aim_predict/muly/P[9]
                         net (fo=1, unplaced)         0.646    10.462    u_blob_track/pcy_reg[9][1]
                         LUT2 (Prop_lut2_I1_O)        0.105    10.567 r  u_blob_track/pcy[3]_i_5/O
                         net (fo=1, unplaced)         0.000    10.567    u_blob_track/pcy[3]_i_5_n_0
                         CARRY4 (Prop_carry4_S[1]_CO[3])
                                                      0.457    11.024 r  u_blob_track/pcy_reg[3]_i_2/CO[3]
                         net (fo=1, unplaced)         0.008    11.032    u_blob_track/pcy_reg[3]_i_2_n_0
                         CARRY4 (Prop_carry4_CI_CO[3])
                                                      0.098    11.130 r  u_blob_track/pcy_reg[7]_i_2/CO[3]
                         net (fo=1, unplaced)         0.000    11.130    u_blob_track/pcy_reg[7]_i_2_n_0
                         CARRY4 (Prop_carry4_CI_CO[3])
                                                      0.098    11.228 r  u_blob_track/pcy_reg[9]_i_3/CO[3]
                         net (fo=1, unplaced)         0.000    11.228    u_aim_predict/pcy_reg[0]_0[0]
                         CARRY4 (Prop_carry4_CI_O[3])
                                                      0.275    11.503 f  u_aim_predict/pcy_reg[9]_i_4/O[3]
                         net (fo=41, unplaced)        0.596    12.099    u_aim_predict_n_72
                         LUT2 (Prop_lut2_I1_O)        0.253    12.352 r  pcy[9]_i_6/O
                         net (fo=1, unplaced)         0.000    12.352    pcy[9]_i_6_n_0
                         CARRY4 (Prop_carry4_DI[1]_CO[1])
                                                      0.406    12.758 r  pcy_reg[9]_i_2/CO[1]
                         net (fo=39, unplaced)        0.316    13.074    u_aim_predict/CO[0]
                         LUT6 (Prop_lut6_I4_O)        0.277    13.351 r  u_aim_predict/pay[9]_i_31/O
                         net (fo=1, unplaced)         0.537    13.888    u_aim_predict/pay[9]_i_31_n_0
                         CARRY4 (Prop_carry4_DI[1]_CO[3])
                                                      0.418    14.306 r  u_aim_predict/pay_reg[9]_i_17/CO[3]
                         net (fo=1, unplaced)         0.008    14.314    u_aim_predict/pay_reg[9]_i_17_n_0
                         CARRY4 (Prop_carry4_CI_CO[3])
                                                      0.098    14.412 r  u_aim_predict/pay_reg[9]_i_6/CO[3]
                         net (fo=1, unplaced)         0.000    14.412    u_aim_predict/pay_reg[9]_i_6_n_0
                         CARRY4 (Prop_carry4_CI_CO[1])
                                                      0.149    14.561 r  u_aim_predict/pay_reg[9]_i_2/CO[1]
                         net (fo=10, unplaced)        0.283    14.844    u_aim_predict/pay_p1
                         LUT6 (Prop_lut6_I0_O)        0.277    15.121 r  u_aim_predict/pay[0]_i_1/O
                         net (fo=1, unplaced)         0.000    15.121    u_aim_predict/pay[0]_i_1_n_0
                         FDCE                                         r  u_aim_predict/pay_reg[0]/D
  -------------------------------------------------------------------    -------------------

                         (clock ooc_clk rise edge)   20.000    20.000 r  
                                                      0.000    20.000 r  clk (IN)
                         net (fo=5597, unset)         0.748    20.748    u_aim_predict/clk
                         FDCE                                         r  u_aim_predict/pay_reg[0]/C
                         clock pessimism              0.000    20.748    
                         clock uncertainty           -0.035    20.712    
                         FDCE (Setup_fdce_C_D)        0.029    20.741    u_aim_predict/pay_reg[0]
  -------------------------------------------------------------------
                         required time                         20.741    
                         arrival time                         -15.121    
  -------------------------------------------------------------------
                         slack                                  5.620    

Slack (MET) :             5.620ns  (required time - arrival time)
  Source:                 u_blob_track/center_y_reg[1]/C
                            (rising edge-triggered cell FDCE clocked by ooc_clk  {rise@0.000ns fall@10.000ns period=20.000ns})
  Destination:            u_aim_predict/pay_reg[1]/D
                            (rising edge-triggered cell FDCE clocked by ooc_clk  {rise@0.000ns fall@10.000ns period=20.000ns})
  Path Group:             ooc_clk
  Path Type:              Setup (Max at Slow Process Corner)
  Requirement:            20.000ns  (ooc_clk rise@20.000ns - ooc_clk rise@0.000ns)
  Data Path Delay:        14.334ns  (logic 9.233ns (64.413%)  route 5.101ns (35.587%))
  Logic Levels:           22  (CARRY4=14 DSP48E1=1 LUT2=4 LUT3=1 LUT6=2)
  Clock Path Skew:        -0.039ns (DCD - SCD + CPR)
    Destination Clock Delay (DCD):    0.748ns = ( 20.748 - 20.000 ) 
    Source Clock Delay      (SCD):    0.787ns
    Clock Pessimism Removal (CPR):    0.000ns
  Clock Uncertainty:      0.035ns  ((TSJ^2 + TIJ^2)^1/2 + DJ) / 2 + PE
    Total System Jitter     (TSJ):    0.071ns
    Total Input Jitter      (TIJ):    0.000ns
    Discrete Jitter          (DJ):    0.000ns
    Phase Error              (PE):    0.000ns

    Location             Delay type                Incr(ns)  Path(ns)    Netlist Resource(s)
  -------------------------------------------------------------------    -------------------
                         (clock ooc_clk rise edge)    0.000     0.000 r  
                                                      0.000     0.000 r  clk (IN)
                         net (fo=5597, unset)         0.787     0.787    u_blob_track/clk
                         FDCE                                         r  u_blob_track/center_y_reg[1]/C
  -------------------------------------------------------------------    -------------------
                         FDCE (Prop_fdce_C_Q)         0.379     1.166 r  u_blob_track/center_y_reg[1]/Q
                         net (fo=11, unplaced)        0.408     1.574    u_blob_track/center_y_reg[9]_0[1]
                         LUT2 (Prop_lut2_I0_O)        0.232     1.806 r  u_blob_track/vy_s[7]_i_15/O
                         net (fo=1, unplaced)         0.000     1.806    u_blob_track/vy_s[7]_i_15_n_0
                         CARRY4 (Prop_carry4_S[1]_CO[3])
                                                      0.457     2.263 r  u_blob_track/vy_s_reg[7]_i_8/CO[3]
                         net (fo=1, unplaced)         0.008     2.271    u_blob_track/vy_s_reg[7]_i_8_n_0
                         CARRY4 (Prop_carry4_CI_O[0])
                                                      0.191     2.462 r  u_blob_track/vy_s_reg[15]_i_14/O[0]
                         net (fo=2, unplaced)         0.552     3.014    u_aim_predict/dy40[4]
                         CARRY4 (Prop_carry4_DI[3]_CO[3])
                                                      0.451     3.465 r  u_aim_predict/vy_s_reg[7]_i_7/CO[3]
                         net (fo=1, unplaced)         0.000     3.465    u_aim_predict/vy_s_reg[7]_i_7_n_0
                         CARRY4 (Prop_carry4_CI_O[3])
                                                      0.275     3.740 r  u_aim_predict/vy_s_reg[15]_i_9/O[3]
                         net (fo=1, unplaced)         0.519     4.259    u_aim_predict/vy_s_reg[15]_i_9_n_4
                         LUT2 (Prop_lut2_I1_O)        0.250     4.509 r  u_aim_predict/vy_s[11]_i_4/O
                         net (fo=1, unplaced)         0.000     4.509    u_aim_predict/vy_s[11]_i_4_n_0
                         CARRY4 (Prop_carry4_S[2]_CO[3])
                                                      0.332     4.841 r  u_aim_predict/vy_s_reg[11]_i_2/CO[3]
                         net (fo=1, unplaced)         0.000     4.841    u_aim_predict/vy_s_reg[11]_i_2_n_0
                         CARRY4 (Prop_carry4_CI_O[3])
                                                      0.275     5.116 r  u_aim_predict/vy_s_reg[15]_i_2/O[3]
                         net (fo=17, unplaced)        0.575     5.691    u_aim_predict/nvy[15]
                         LUT3 (Prop_lut3_I2_O)        0.250     5.941 r  u_aim_predict/vy_s[15]_i_1/O
                         net (fo=16, unplaced)        0.646     6.587    u_aim_predict/vyn[15]
                         DSP48E1 (Prop_dsp48e1_A[29]_P[9])
                                                      3.230     9.817 r  u_aim_predict/muly/P[9]
                         net (fo=1, unplaced)         0.646    10.462    u_blob_track/pcy_reg[9][1]
                         LUT2 (Prop_lut2_I1_O)        0.105    10.567 r  u_blob_track/pcy[3]_i_5/O
                         net (fo=1, unplaced)         0.000    10.567    u_blob_track/pcy[3]_i_5_n_0
                         CARRY4 (Prop_carry4_S[1]_CO[3])
                                                      0.457    11.024 r  u_blob_track/pcy_reg[3]_i_2/CO[3]
                         net (fo=1, unplaced)         0.008    11.032    u_blob_track/pcy_reg[3]_i_2_n_0
                         CARRY4 (Prop_carry4_CI_CO[3])
                                                      0.098    11.130 r  u_blob_track/pcy_reg[7]_i_2/CO[3]
                         net (fo=1, unplaced)         0.000    11.130    u_blob_track/pcy_reg[7]_i_2_n_0
                         CARRY4 (Prop_carry4_CI_CO[3])
                                                      0.098    11.228 r  u_blob_track/pcy_reg[9]_i_3/CO[3]
                         net (fo=1, unplaced)         0.000    11.228    u_aim_predict/pcy_reg[0]_0[0]
                         CARRY4 (Prop_carry4_CI_O[3])
                                                      0.275    11.503 f  u_aim_predict/pcy_reg[9]_i_4/O[3]
                         net (fo=41, unplaced)        0.596    12.099    u_aim_predict_n_72
                         LUT2 (Prop_lut2_I1_O)        0.253    12.352 r  pcy[9]_i_6/O
                         net (fo=1, unplaced)         0.000    12.352    pcy[9]_i_6_n_0
                         CARRY4 (Prop_carry4_DI[1]_CO[1])
                                                      0.406    12.758 r  pcy_reg[9]_i_2/CO[1]
                         net (fo=39, unplaced)        0.316    13.074    u_aim_predict/CO[0]
                         LUT6 (Prop_lut6_I4_O)        0.277    13.351 r  u_aim_predict/pay[9]_i_31/O
                         net (fo=1, unplaced)         0.537    13.888    u_aim_predict/pay[9]_i_31_n_0
                         CARRY4 (Prop_carry4_DI[1]_CO[3])
                                                      0.418    14.306 r  u_aim_predict/pay_reg[9]_i_17/CO[3]
                         net (fo=1, unplaced)         0.008    14.314    u_aim_predict/pay_reg[9]_i_17_n_0
                         CARRY4 (Prop_carry4_CI_CO[3])
                                                      0.098    14.412 r  u_aim_predict/pay_reg[9]_i_6/CO[3]
                         net (fo=1, unplaced)         0.000    14.412    u_aim_predict/pay_reg[9]_i_6_n_0
                         CARRY4 (Prop_carry4_CI_CO[1])
                                                      0.149    14.561 r  u_aim_predict/pay_reg[9]_i_2/CO[1]
                         net (fo=10, unplaced)        0.283    14.844    u_aim_predict/pay_p1
                         LUT6 (Prop_lut6_I0_O)        0.277    15.121 r  u_aim_predict/pay[1]_i_1/O
                         net (fo=1, unplaced)         0.000    15.121    u_aim_predict/pay[1]_i_1_n_0
                         FDCE                                         r  u_aim_predict/pay_reg[1]/D
  -------------------------------------------------------------------    -------------------

                         (clock ooc_clk rise edge)   20.000    20.000 r  
                                                      0.000    20.000 r  clk (IN)
                         net (fo=5597, unset)         0.748    20.748    u_aim_predict/clk
                         FDCE                                         r  u_aim_predict/pay_reg[1]/C
                         clock pessimism              0.000    20.748    
                         clock uncertainty           -0.035    20.712    
                         FDCE (Setup_fdce_C_D)        0.029    20.741    u_aim_predict/pay_reg[1]
  -------------------------------------------------------------------
                         required time                         20.741    
                         arrival time                         -15.121    
  -------------------------------------------------------------------
                         slack                                  5.620    

Slack (MET) :             5.620ns  (required time - arrival time)
  Source:                 u_blob_track/center_y_reg[1]/C
                            (rising edge-triggered cell FDCE clocked by ooc_clk  {rise@0.000ns fall@10.000ns period=20.000ns})
  Destination:            u_aim_predict/pay_reg[2]/D
                            (rising edge-triggered cell FDCE clocked by ooc_clk  {rise@0.000ns fall@10.000ns period=20.000ns})
  Path Group:             ooc_clk
  Path Type:              Setup (Max at Slow Process Corner)
  Requirement:            20.000ns  (ooc_clk rise@20.000ns - ooc_clk rise@0.000ns)
  Data Path Delay:        14.334ns  (logic 9.233ns (64.413%)  route 5.101ns (35.587%))
  Logic Levels:           22  (CARRY4=14 DSP48E1=1 LUT2=4 LUT3=1 LUT6=2)
  Clock Path Skew:        -0.039ns (DCD - SCD + CPR)
    Destination Clock Delay (DCD):    0.748ns = ( 20.748 - 20.000 ) 
    Source Clock Delay      (SCD):    0.787ns
    Clock Pessimism Removal (CPR):    0.000ns
  Clock Uncertainty:      0.035ns  ((TSJ^2 + TIJ^2)^1/2 + DJ) / 2 + PE
    Total System Jitter     (TSJ):    0.071ns
    Total Input Jitter      (TIJ):    0.000ns
    Discrete Jitter          (DJ):    0.000ns
    Phase Error              (PE):    0.000ns

    Location             Delay type                Incr(ns)  Path(ns)    Netlist Resource(s)
  -------------------------------------------------------------------    -------------------
                         (clock ooc_clk rise edge)    0.000     0.000 r  
                                                      0.000     0.000 r  clk (IN)
                         net (fo=5597, unset)         0.787     0.787    u_blob_track/clk
                         FDCE                                         r  u_blob_track/center_y_reg[1]/C
  -------------------------------------------------------------------    -------------------
                         FDCE (Prop_fdce_C_Q)         0.379     1.166 r  u_blob_track/center_y_reg[1]/Q
                         net (fo=11, unplaced)        0.408     1.574    u_blob_track/center_y_reg[9]_0[1]
                         LUT2 (Prop_lut2_I0_O)        0.232     1.806 r  u_blob_track/vy_s[7]_i_15/O
                         net (fo=1, unplaced)         0.000     1.806    u_blob_track/vy_s[7]_i_15_n_0
                         CARRY4 (Prop_carry4_S[1]_CO[3])
                                                      0.457     2.263 r  u_blob_track/vy_s_reg[7]_i_8/CO[3]
                         net (fo=1, unplaced)         0.008     2.271    u_blob_track/vy_s_reg[7]_i_8_n_0
                         CARRY4 (Prop_carry4_CI_O[0])
                                                      0.191     2.462 r  u_blob_track/vy_s_reg[15]_i_14/O[0]
                         net (fo=2, unplaced)         0.552     3.014    u_aim_predict/dy40[4]
                         CARRY4 (Prop_carry4_DI[3]_CO[3])
                                                      0.451     3.465 r  u_aim_predict/vy_s_reg[7]_i_7/CO[3]
                         net (fo=1, unplaced)         0.000     3.465    u_aim_predict/vy_s_reg[7]_i_7_n_0
                         CARRY4 (Prop_carry4_CI_O[3])
                                                      0.275     3.740 r  u_aim_predict/vy_s_reg[15]_i_9/O[3]
                         net (fo=1, unplaced)         0.519     4.259    u_aim_predict/vy_s_reg[15]_i_9_n_4
                         LUT2 (Prop_lut2_I1_O)        0.250     4.509 r  u_aim_predict/vy_s[11]_i_4/O
                         net (fo=1, unplaced)         0.000     4.509    u_aim_predict/vy_s[11]_i_4_n_0
                         CARRY4 (Prop_carry4_S[2]_CO[3])
                                                      0.332     4.841 r  u_aim_predict/vy_s_reg[11]_i_2/CO[3]
                         net (fo=1, unplaced)         0.000     4.841    u_aim_predict/vy_s_reg[11]_i_2_n_0
                         CARRY4 (Prop_carry4_CI_O[3])
                                                      0.275     5.116 r  u_aim_predict/vy_s_reg[15]_i_2/O[3]
                         net (fo=17, unplaced)        0.575     5.691    u_aim_predict/nvy[15]
                         LUT3 (Prop_lut3_I2_O)        0.250     5.941 r  u_aim_predict/vy_s[15]_i_1/O
                         net (fo=16, unplaced)        0.646     6.587    u_aim_predict/vyn[15]
                         DSP48E1 (Prop_dsp48e1_A[29]_P[9])
                                                      3.230     9.817 r  u_aim_predict/muly/P[9]
                         net (fo=1, unplaced)         0.646    10.462    u_blob_track/pcy_reg[9][1]
                         LUT2 (Prop_lut2_I1_O)        0.105    10.567 r  u_blob_track/pcy[3]_i_5/O
                         net (fo=1, unplaced)         0.000    10.567    u_blob_track/pcy[3]_i_5_n_0
                         CARRY4 (Prop_carry4_S[1]_CO[3])
                                                      0.457    11.024 r  u_blob_track/pcy_reg[3]_i_2/CO[3]
                         net (fo=1, unplaced)         0.008    11.032    u_blob_track/pcy_reg[3]_i_2_n_0
                         CARRY4 (Prop_carry4_CI_CO[3])
                                                      0.098    11.130 r  u_blob_track/pcy_reg[7]_i_2/CO[3]
                         net (fo=1, unplaced)         0.000    11.130    u_blob_track/pcy_reg[7]_i_2_n_0
                         CARRY4 (Prop_carry4_CI_CO[3])
                                                      0.098    11.228 r  u_blob_track/pcy_reg[9]_i_3/CO[3]
                         net (fo=1, unplaced)         0.000    11.228    u_aim_predict/pcy_reg[0]_0[0]
                         CARRY4 (Prop_carry4_CI_O[3])
                                                      0.275    11.503 f  u_aim_predict/pcy_reg[9]_i_4/O[3]
                         net (fo=41, unplaced)        0.596    12.099    u_aim_predict_n_72
                         LUT2 (Prop_lut2_I1_O)        0.253    12.352 r  pcy[9]_i_6/O
                         net (fo=1, unplaced)         0.000    12.352    pcy[9]_i_6_n_0
                         CARRY4 (Prop_carry4_DI[1]_CO[1])
                                                      0.406    12.758 r  pcy_reg[9]_i_2/CO[1]
                         net (fo=39, unplaced)        0.316    13.074    u_aim_predict/CO[0]
                         LUT6 (Prop_lut6_I4_O)        0.277    13.351 r  u_aim_predict/pay[9]_i_31/O
                         net (fo=1, unplaced)         0.537    13.888    u_aim_predict/pay[9]_i_31_n_0
                         CARRY4 (Prop_carry4_DI[1]_CO[3])
                                                      0.418    14.306 r  u_aim_predict/pay_reg[9]_i_17/CO[3]
                         net (fo=1, unplaced)         0.008    14.314    u_aim_predict/pay_reg[9]_i_17_n_0
                         CARRY4 (Prop_carry4_CI_CO[3])
                                                      0.098    14.412 r  u_aim_predict/pay_reg[9]_i_6/CO[3]
                         net (fo=1, unplaced)         0.000    14.412    u_aim_predict/pay_reg[9]_i_6_n_0
                         CARRY4 (Prop_carry4_CI_CO[1])
                                                      0.149    14.561 r  u_aim_predict/pay_reg[9]_i_2/CO[1]
                         net (fo=10, unplaced)        0.283    14.844    u_aim_predict/pay_p1
                         LUT6 (Prop_lut6_I0_O)        0.277    15.121 r  u_aim_predict/pay[2]_i_1/O
                         net (fo=1, unplaced)         0.000    15.121    u_aim_predict/pay[2]_i_1_n_0
                         FDCE                                         r  u_aim_predict/pay_reg[2]/D
  -------------------------------------------------------------------    -------------------

                         (clock ooc_clk rise edge)   20.000    20.000 r  
                                                      0.000    20.000 r  clk (IN)
                         net (fo=5597, unset)         0.748    20.748    u_aim_predict/clk
                         FDCE                                         r  u_aim_predict/pay_reg[2]/C
                         clock pessimism              0.000    20.748    
                         clock uncertainty           -0.035    20.712    
                         FDCE (Setup_fdce_C_D)        0.029    20.741    u_aim_predict/pay_reg[2]
  -------------------------------------------------------------------
                         required time                         20.741    
                         arrival time                         -15.121    
  -------------------------------------------------------------------
                         slack                                  5.620    





Pulse Width Checks
--------------------------------------------------------------------------------------
Clock Name:         ooc_clk
Waveform(ns):       { 0.000 10.000 }
Period(ns):         20.000
Sources:            { clk }

Check Type        Corner  Lib Pin      Reference Pin  Required(ns)  Actual(ns)  Slack(ns)  Location  Pin
Min Period        n/a     FDCE/C       n/a            1.000         20.000      19.000               aim_x_r_reg[1]/C
Min Period        n/a     FDCE/C       n/a            1.000         20.000      19.000               aim_x_r_reg[2]/C
Min Period        n/a     FDCE/C       n/a            1.000         20.000      19.000               aim_x_r_reg[3]/C
Min Period        n/a     FDCE/C       n/a            1.000         20.000      19.000               aim_x_r_reg[4]/C
Min Period        n/a     FDCE/C       n/a            1.000         20.000      19.000               aim_x_r_reg[5]/C
Low Pulse Width   Fast    RAMS64E/CLK  n/a            1.130         10.000      8.870                u_median/u_lb0/mem_reg_512_767_3_3/RAMS64E_C/CLK
Low Pulse Width   Fast    RAMS64E/CLK  n/a            1.130         10.000      8.870                u_median/u_lb0/mem_reg_512_767_3_3/RAMS64E_D/CLK
Low Pulse Width   Fast    RAMS64E/CLK  n/a            1.130         10.000      8.870                u_median/u_lb0/mem_reg_512_767_4_4/RAMS64E_A/CLK
Low Pulse Width   Fast    RAMS64E/CLK  n/a            1.130         10.000      8.870                u_median/u_lb0/mem_reg_512_767_4_4/RAMS64E_B/CLK
Low Pulse Width   Fast    RAMS64E/CLK  n/a            1.130         10.000      8.870                u_median/u_lb0/mem_reg_512_767_4_4/RAMS64E_C/CLK
High Pulse Width  Slow    RAMS64E/CLK  n/a            1.130         10.000      8.870                u_median/u_lb0/mem_reg_512_767_3_3/RAMS64E_C/CLK
High Pulse Width  Fast    RAMS64E/CLK  n/a            1.130         10.000      8.870                u_median/u_lb0/mem_reg_512_767_3_3/RAMS64E_C/CLK
High Pulse Width  Slow    RAMS64E/CLK  n/a            1.130         10.000      8.870                u_median/u_lb0/mem_reg_512_767_3_3/RAMS64E_D/CLK
High Pulse Width  Fast    RAMS64E/CLK  n/a            1.130         10.000      8.870                u_median/u_lb0/mem_reg_512_767_3_3/RAMS64E_D/CLK
High Pulse Width  Slow    RAMS64E/CLK  n/a            1.130         10.000      8.870                u_median/u_lb0/mem_reg_512_767_4_4/RAMS64E_A/CLK



