Copyright 1986-2020 Xilinx, Inc. All Rights Reserved.
-------------------------------------------------------------------------------------------------------------------------------------------
| Tool Version : Vivado v.2020.2 (win64) Build 3064766 Wed Nov 18 09:12:45 MST 2020
| Date         : Tue Sep 22 16:37:57 2026
| Host         : EddieDuanLegionY7000P running 64-bit major release  (build 9200)
| Command      : report_utilization -hierarchical -file C:/Users/DUANboyang/Desktop/FPGA_official/39_ov5640_lcd/synth_utilization_hier.rpt
| Design       : armor_vision
| Device       : 7a35tfgg484-2
| Design State : Synthesized
-------------------------------------------------------------------------------------------------------------------------------------------

Utilization Design Information

Table of Contents
-----------------
1. Utilization by Hierarchy

1. Utilization by Hierarchy
---------------------------

+-----------------------------------+-------------------------------+------------+------------+---------+------+-----+--------+--------+------------+
|              Instance             |             Module            | Total LUTs | Logic LUTs | LUTRAMs | SRLs | FFs | RAMB36 | RAMB18 | DSP Blocks |
+-----------------------------------+-------------------------------+------------+------------+---------+------+-----+--------+--------+------------+
| armor_vision                      |                         (top) |       3168 |       1166 |    2002 |    0 | 805 |      0 |      0 |          0 |
|   (armor_vision)                  |                         (top) |         23 |         23 |       0 |    0 | 203 |      0 |      0 |          0 |
|   u_color_seg                     |                     color_seg |         44 |         44 |       0 |    0 |   0 |      0 |      0 |          0 |
|   u_dilate                        |                     morph_nxn |        192 |         88 |     104 |    0 |  72 |      0 |      0 |          0 |
|     (u_dilate)                    |                     morph_nxn |         35 |         35 |       0 |    0 |  72 |      0 |      0 |          0 |
|     gen_line_buf[0].u_line_buffer |                line_buffer_17 |         26 |         13 |      13 |    0 |   0 |      0 |      0 |          0 |
|     gen_line_buf[1].u_line_buffer |                line_buffer_18 |         19 |          6 |      13 |    0 |   0 |      0 |      0 |          0 |
|     gen_line_buf[2].u_line_buffer |                line_buffer_19 |         20 |          7 |      13 |    0 |   0 |      0 |      0 |          0 |
|     gen_line_buf[3].u_line_buffer |                line_buffer_20 |         18 |          5 |      13 |    0 |   0 |      0 |      0 |          0 |
|     gen_line_buf[4].u_line_buffer |                line_buffer_21 |         18 |          5 |      13 |    0 |   0 |      0 |      0 |          0 |
|     gen_line_buf[5].u_line_buffer |                line_buffer_22 |         18 |          5 |      13 |    0 |   0 |      0 |      0 |          0 |
|     gen_line_buf[6].u_line_buffer |                line_buffer_23 |         20 |          7 |      13 |    0 |   0 |      0 |      0 |          0 |
|     gen_line_buf[7].u_line_buffer |                line_buffer_24 |         18 |          5 |      13 |    0 |   0 |      0 |      0 |          0 |
|   u_erode                         |     morph_nxn__parameterized0 |        187 |         83 |     104 |    0 |  72 |      0 |      0 |          0 |
|     (u_erode)                     |     morph_nxn__parameterized0 |         39 |         39 |       0 |    0 |  72 |      0 |      0 |          0 |
|     gen_line_buf[0].u_line_buffer |                   line_buffer |         18 |          5 |      13 |    0 |   0 |      0 |      0 |          0 |
|     gen_line_buf[1].u_line_buffer |                line_buffer_10 |         18 |          5 |      13 |    0 |   0 |      0 |      0 |          0 |
|     gen_line_buf[2].u_line_buffer |                line_buffer_11 |         20 |          7 |      13 |    0 |   0 |      0 |      0 |          0 |
|     gen_line_buf[3].u_line_buffer |                line_buffer_12 |         19 |          6 |      13 |    0 |   0 |      0 |      0 |          0 |
|     gen_line_buf[4].u_line_buffer |                line_buffer_13 |         18 |          5 |      13 |    0 |   0 |      0 |      0 |          0 |
|     gen_line_buf[5].u_line_buffer |                line_buffer_14 |         18 |          5 |      13 |    0 |   0 |      0 |      0 |          0 |
|     gen_line_buf[6].u_line_buffer |                line_buffer_15 |         20 |          7 |      13 |    0 |   0 |      0 |      0 |          0 |
|     gen_line_buf[7].u_line_buffer |                line_buffer_16 |         17 |          4 |      13 |    0 |   0 |      0 |      0 |          0 |
|   u_overlay_box                   |                   overlay_box |          0 |          0 |       0 |    0 |   0 |      0 |      0 |          0 |
|   u_proj_bond                     |                     proj_bond |        629 |        499 |     130 |    0 | 228 |      0 |      0 |          0 |
|   u_video_delay                   |                   video_delay |       1999 |        335 |    1664 |    0 | 128 |      0 |      0 |          0 |
|     (u_video_delay)               |                   video_delay |         69 |         69 |       0 |    0 | 128 |      0 |      0 |          0 |
|     gen_line_buf[0].u_line_buffer |   line_buffer__parameterized0 |        241 |         33 |     208 |    0 |   0 |      0 |      0 |          0 |
|     gen_line_buf[1].u_line_buffer | line_buffer__parameterized0_3 |        240 |         32 |     208 |    0 |   0 |      0 |      0 |          0 |
|     gen_line_buf[2].u_line_buffer | line_buffer__parameterized0_4 |        240 |         32 |     208 |    0 |   0 |      0 |      0 |          0 |
|     gen_line_buf[3].u_line_buffer | line_buffer__parameterized0_5 |        240 |         32 |     208 |    0 |   0 |      0 |      0 |          0 |
|     gen_line_buf[4].u_line_buffer | line_buffer__parameterized0_6 |        240 |         32 |     208 |    0 |   0 |      0 |      0 |          0 |
|     gen_line_buf[5].u_line_buffer | line_buffer__parameterized0_7 |        240 |         32 |     208 |    0 |   0 |      0 |      0 |          0 |
|     gen_line_buf[6].u_line_buffer | line_buffer__parameterized0_8 |        240 |         32 |     208 |    0 |   0 |      0 |      0 |          0 |
|     gen_line_buf[7].u_line_buffer | line_buffer__parameterized0_9 |        249 |         41 |     208 |    0 |   0 |      0 |      0 |          0 |
|   u_vision_cfg                    |                    vision_cfg |         94 |         94 |       0 |    0 | 102 |      0 |      0 |          0 |
|     (u_vision_cfg)                |                    vision_cfg |         18 |         18 |       0 |    0 |  10 |      0 |      0 |          0 |
|     gen_key[0].u_key_debounce     |                  key_debounce |         17 |         17 |       0 |    0 |  23 |      0 |      0 |          0 |
|     gen_key[1].u_key_debounce     |                key_debounce_0 |         26 |         26 |       0 |    0 |  23 |      0 |      0 |          0 |
|     gen_key[2].u_key_debounce     |                key_debounce_1 |         16 |         16 |       0 |    0 |  23 |      0 |      0 |          0 |
|     gen_key[3].u_key_debounce     |                key_debounce_2 |         17 |         17 |       0 |    0 |  23 |      0 |      0 |          0 |
+-----------------------------------+-------------------------------+------------+------------+---------+------+-----+--------+--------+------------+


